// Jest Snapshot v1, https://goo.gl/fbAQLP

exports[`Contact.vue Component matches snapshot 1`] = `
<div class="mt-10">
  <h5>Example Component for &lt;Contact&gt;</h5>
  <form method="post" novalidate="">
    <!-- Name -->
    <div class="form-group"><label for="name">Name</label><input id="name" type="text" class="form-control" placeholder="Enter name">
      <!--v-if-->
    </div><!-- Company -->
    <div class="form-group"><label for="company">Company</label><input id="company" type="text" class="form-control" placeholder="Enter company">
      <!--v-if-->
    </div><!-- Email -->
    <div class="form-group"><label for="email">Email address</label><input id="email" type="email" class="form-control" aria-describedby="emailHelp" placeholder="Enter email">
      <!--v-if--><small id="emailHelp" class="form-text text-muted">We'll never share your email with anyone else.</small>
    </div><!-- Phone -->
    <div class="form-group"><label for="phone">Phone number</label><input id="phone" type="phone" class="form-control" placeholder="###-###-####">
      <!--v-if-->
    </div><!-- Message -->
    <div class="form-group"><label for="name">Message</label><textarea id="message" class="form-control" placeholder="Enter a message"></textarea>
      <!--v-if-->
    </div><!-- Button --><button id="submit-button" type="submit" class="btn btn-primary"> Submit </button> &nbsp;<a href="javascript:void(0)">Clear</a>
    <!--v-if-->
    <!--v-if-->
    <!--v-if-->
    <!--v-if-->
  </form>
</div>
`;
